[
  {
    "Position": 0,
    "Length": 34,
    "OriginalString": "/* This is a\nmultiline comment */",
    "Value": " This is a\nmultiline comment ",
    "Terminal": {
      "Name": "Multi line comment",
      "DictionaryKey": "Multi line comment",
      "Flags": "Comment",
      "Priority": "Normal"
    },
    "Trivia": {
      "LeadingTrivia": [],
      "TrailingTrivia": []
    }
  },
  {
    "Position": 34,
    "Length": 1,
    "OriginalString": "\n",
    "Value": "\r",
    "Terminal": {
      "Name": "Space",
      "Flags": "Space",
      "Priority": "High",
      "DictionaryKey": "Terminal[space]"
    },
    "Trivia": {
      "LeadingTrivia": [],
      "TrailingTrivia": []
    }
  },
  {
    "Position": 35,
    "Length": 1,
    "OriginalString": "\n",
    "Value": "\n",
    "Terminal": {
      "Name": "Space",
      "Flags": "Space",
      "Priority": "High",
      "DictionaryKey": "Terminal[space]"
    },
    "Trivia": {
      "LeadingTrivia": [],
      "TrailingTrivia": []
    }
  },
  {
    "Position": 36,
    "Length": 33,
    "OriginalString": "// This is a single line comment\n",
    "Value": " This is a single line comment\n",
    "Terminal": {
      "Name": "Single line comment",
      "DictionaryKey": "Single line comment",
      "Flags": "Comment",
      "Priority": "Normal"
    },
    "Trivia": {
      "LeadingTrivia": [],
      "TrailingTrivia": []
    }
  },
  {
    "Position": 69,
    "Length": 1,
    "OriginalString": "\n",
    "Value": "\n",
    "Terminal": {
      "Name": "Space",
      "Flags": "Space",
      "Priority": "High",
      "DictionaryKey": "Terminal[space]"
    },
    "Trivia": {
      "LeadingTrivia": [],
      "TrailingTrivia": []
    }
  },
  {
    "Position": 70,
    "Length": 3,
    "OriginalString": "VAR",
    "Value": "VAR",
    "Terminal": {
      "Flags": "Identifier",
      "DictionaryKey": "Id",
      "Name": "Id",
      "Priority": "Low"
    },
    "Trivia": {
      "LeadingTrivia": [],
      "TrailingTrivia": []
    }
  },
  {
    "Position": 73,
    "Length": 1,
    "OriginalString": " ",
    "Value": " ",
    "Terminal": {
      "Name": "Space",
      "Flags": "Space",
      "Priority": "High",
      "DictionaryKey": "Terminal[space]"
    },
    "Trivia": {
      "LeadingTrivia": [],
      "TrailingTrivia": []
    }
  },
  {
    "Position": 74,
    "Length": 1,
    "OriginalString": "X",
    "Value": "X",
    "Terminal": {
      "Flags": "Identifier",
      "DictionaryKey": "Id",
      "Name": "Id",
      "Priority": "Low"
    },
    "Trivia": {
      "LeadingTrivia": [],
      "TrailingTrivia": []
    }
  },
  {
    "Position": 75,
    "Length": 1,
    "OriginalString": " ",
    "Value": " ",
    "Terminal": {
      "Name": "Space",
      "Flags": "Space",
      "Priority": "High",
      "DictionaryKey": "Terminal[space]"
    },
    "Trivia": {
      "LeadingTrivia": [],
      "TrailingTrivia": []
    }
  },
  {
    "Position": 76,
    "Length": 1,
    "OriginalString": "=",
    "Value": "=",
    "Terminal": {
      "Priority": "Normal",
      "DictionaryKey": "Keyword[=]",
      "Name": "=",
      "Flags": "None"
    },
    "Trivia": {
      "LeadingTrivia": [],
      "TrailingTrivia": []
    }
  },
  {
    "Position": 77,
    "Length": 1,
    "OriginalString": " ",
    "Value": " ",
    "Terminal": {
      "Name": "Space",
      "Flags": "Space",
      "Priority": "High",
      "DictionaryKey": "Terminal[space]"
    },
    "Trivia": {
      "LeadingTrivia": [],
      "TrailingTrivia": []
    }
  },
  {
    "Position": 78,
    "Length": 3,
    "OriginalString": "SIN",
    "Value": "SIN",
    "Terminal": {
      "Priority": "Normal",
      "DictionaryKey": "Keyword[SIN]",
      "Name": "SIN",
      "Flags": "None"
    },
    "Trivia": {
      "LeadingTrivia": [],
      "TrailingTrivia": []
    }
  },
  {
    "Position": 81,
    "Length": 1,
    "OriginalString": "(",
    "Value": "(",
    "Terminal": {
      "Priority": "Normal",
      "DictionaryKey": "Keyword[(]",
      "Name": "(",
      "Flags": "OpenBrace"
    },
    "Trivia": {
      "LeadingTrivia": [],
      "TrailingTrivia": []
    }
  },
  {
    "Position": 82,
    "Length": 2,
    "OriginalString": "10",
    "Value": 10,
    "Terminal": {
      "Name": "Integer",
      "Flags": "Const",
      "Priority": "Normal",
      "DictionaryKey": "Integer"
    },
    "Trivia": {
      "LeadingTrivia": [],
      "TrailingTrivia": []
    }
  },
  {
    "Position": 84,
    "Length": 1,
    "OriginalString": ")",
    "Value": ")",
    "Terminal": {
      "Priority": "Normal",
      "DictionaryKey": "Keyword[)]",
      "Name": ")",
      "Flags": "CloseBrace"
    },
    "Trivia": {
      "LeadingTrivia": [],
      "TrailingTrivia": []
    }
  },
  {
    "Position": 85,
    "Length": 1,
    "OriginalString": ";",
    "Value": ";",
    "Terminal": {
      "Priority": "Normal",
      "DictionaryKey": "Keyword[;]",
      "Name": ";",
      "Flags": "None"
    },
    "Trivia": {
      "LeadingTrivia": [],
      "TrailingTrivia": []
    }
  },
  {
    "Position": 86,
    "Length": 1,
    "OriginalString": "\n",
    "Value": "\r",
    "Terminal": {
      "Name": "Space",
      "Flags": "Space",
      "Priority": "High",
      "DictionaryKey": "Terminal[space]"
    },
    "Trivia": {
      "LeadingTrivia": [],
      "TrailingTrivia": []
    }
  },
  {
    "Position": 87,
    "Length": 1,
    "OriginalString": "\n",
    "Value": "\n",
    "Terminal": {
      "Name": "Space",
      "Flags": "Space",
      "Priority": "High",
      "DictionaryKey": "Terminal[space]"
    },
    "Trivia": {
      "LeadingTrivia": [],
      "TrailingTrivia": []
    }
  },
  {
    "Position": 88,
    "Length": 3,
    "OriginalString": "INT",
    "Value": "INT",
    "Terminal": {
      "Flags": "Identifier",
      "DictionaryKey": "Id",
      "Name": "Id",
      "Priority": "Low"
    },
    "Trivia": {
      "LeadingTrivia": [],
      "TrailingTrivia": []
    }
  },
  {
    "Position": 91,
    "Length": 1,
    "OriginalString": " ",
    "Value": " ",
    "Terminal": {
      "Name": "Space",
      "Flags": "Space",
      "Priority": "High",
      "DictionaryKey": "Terminal[space]"
    },
    "Trivia": {
      "LeadingTrivia": [],
      "TrailingTrivia": []
    }
  },
  {
    "Position": 92,
    "Length": 2,
    "OriginalString": "PI",
    "Value": "PI",
    "Terminal": {
      "Flags": "Identifier",
      "DictionaryKey": "Id",
      "Name": "Id",
      "Priority": "Low"
    },
    "Trivia": {
      "LeadingTrivia": [],
      "TrailingTrivia": []
    }
  },
  {
    "Position": 94,
    "Length": 1,
    "OriginalString": " ",
    "Value": " ",
    "Terminal": {
      "Name": "Space",
      "Flags": "Space",
      "Priority": "High",
      "DictionaryKey": "Terminal[space]"
    },
    "Trivia": {
      "LeadingTrivia": [],
      "TrailingTrivia": []
    }
  },
  {
    "Position": 95,
    "Length": 1,
    "OriginalString": "=",
    "Value": "=",
    "Terminal": {
      "Priority": "Normal",
      "DictionaryKey": "Keyword[=]",
      "Name": "=",
      "Flags": "None"
    },
    "Trivia": {
      "LeadingTrivia": [],
      "TrailingTrivia": []
    }
  },
  {
    "Position": 96,
    "Length": 1,
    "OriginalString": " ",
    "Value": " ",
    "Terminal": {
      "Name": "Space",
      "Flags": "Space",
      "Priority": "High",
      "DictionaryKey": "Terminal[space]"
    },
    "Trivia": {
      "LeadingTrivia": [],
      "TrailingTrivia": []
    }
  },
  {
    "Position": 97,
    "Length": 1,
    "OriginalString": "3",
    "Value": 3,
    "Terminal": {
      "Name": "Integer",
      "Flags": "Const",
      "Priority": "Normal",
      "DictionaryKey": "Integer"
    },
    "Trivia": {
      "LeadingTrivia": [],
      "TrailingTrivia": []
    }
  },
  {
    "Position": 98,
    "Length": 1,
    "OriginalString": ".",
    "Value": ".",
    "Terminal": {
      "Priority": "Normal",
      "DictionaryKey": "Keyword[.]",
      "Name": ".",
      "Flags": "None"
    },
    "Trivia": {
      "LeadingTrivia": [],
      "TrailingTrivia": []
    }
  },
  {
    "Position": 99,
    "Length": 2,
    "OriginalString": "14",
    "Value": 14,
    "Terminal": {
      "Name": "Integer",
      "Flags": "Const",
      "Priority": "Normal",
      "DictionaryKey": "Integer"
    },
    "Trivia": {
      "LeadingTrivia": [],
      "TrailingTrivia": []
    }
  },
  {
    "Position": 101,
    "Length": 1,
    "OriginalString": ";",
    "Value": ";",
    "Terminal": {
      "Priority": "Normal",
      "DictionaryKey": "Keyword[;]",
      "Name": ";",
      "Flags": "None"
    },
    "Trivia": {
      "LeadingTrivia": [],
      "TrailingTrivia": []
    }
  },
  {
    "Position": 102,
    "Length": 1,
    "OriginalString": "\n",
    "Value": "\r",
    "Terminal": {
      "Name": "Space",
      "Flags": "Space",
      "Priority": "High",
      "DictionaryKey": "Terminal[space]"
    },
    "Trivia": {
      "LeadingTrivia": [],
      "TrailingTrivia": []
    }
  },
  {
    "Position": 103,
    "Length": 1,
    "OriginalString": "\n",
    "Value": "\n",
    "Terminal": {
      "Name": "Space",
      "Flags": "Space",
      "Priority": "High",
      "DictionaryKey": "Terminal[space]"
    },
    "Trivia": {
      "LeadingTrivia": [],
      "TrailingTrivia": []
    }
  },
  {
    "Position": 104,
    "Length": 3,
    "OriginalString": "VAR",
    "Value": "VAR",
    "Terminal": {
      "Flags": "Identifier",
      "DictionaryKey": "Id",
      "Name": "Id",
      "Priority": "Low"
    },
    "Trivia": {
      "LeadingTrivia": [],
      "TrailingTrivia": []
    }
  },
  {
    "Position": 107,
    "Length": 1,
    "OriginalString": " ",
    "Value": " ",
    "Terminal": {
      "Name": "Space",
      "Flags": "Space",
      "Priority": "High",
      "DictionaryKey": "Terminal[space]"
    },
    "Trivia": {
      "LeadingTrivia": [],
      "TrailingTrivia": []
    }
  },
  {
    "Position": 108,
    "Length": 1,
    "OriginalString": "Y",
    "Value": "Y",
    "Terminal": {
      "Flags": "Identifier",
      "DictionaryKey": "Id",
      "Name": "Id",
      "Priority": "Low"
    },
    "Trivia": {
      "LeadingTrivia": [],
      "TrailingTrivia": []
    }
  },
  {
    "Position": 109,
    "Length": 1,
    "OriginalString": " ",
    "Value": " ",
    "Terminal": {
      "Name": "Space",
      "Flags": "Space",
      "Priority": "High",
      "DictionaryKey": "Terminal[space]"
    },
    "Trivia": {
      "LeadingTrivia": [],
      "TrailingTrivia": []
    }
  },
  {
    "Position": 110,
    "Length": 1,
    "OriginalString": "=",
    "Value": "=",
    "Terminal": {
      "Priority": "Normal",
      "DictionaryKey": "Keyword[=]",
      "Name": "=",
      "Flags": "None"
    },
    "Trivia": {
      "LeadingTrivia": [],
      "TrailingTrivia": []
    }
  },
  {
    "Position": 111,
    "Length": 1,
    "OriginalString": " ",
    "Value": " ",
    "Terminal": {
      "Name": "Space",
      "Flags": "Space",
      "Priority": "High",
      "DictionaryKey": "Terminal[space]"
    },
    "Trivia": {
      "LeadingTrivia": [],
      "TrailingTrivia": []
    }
  },
  {
    "Position": 112,
    "Length": 3,
    "OriginalString": "COS",
    "Value": "COS",
    "Terminal": {
      "Priority": "Normal",
      "DictionaryKey": "Keyword[COS]",
      "Name": "COS",
      "Flags": "None"
    },
    "Trivia": {
      "LeadingTrivia": [],
      "TrailingTrivia": []
    }
  },
  {
    "Position": 115,
    "Length": 1,
    "OriginalString": "(",
    "Value": "(",
    "Terminal": {
      "Priority": "Normal",
      "DictionaryKey": "Keyword[(]",
      "Name": "(",
      "Flags": "OpenBrace"
    },
    "Trivia": {
      "LeadingTrivia": [],
      "TrailingTrivia": []
    }
  },
  {
    "Position": 116,
    "Length": 1,
    "OriginalString": "3",
    "Value": 3,
    "Terminal": {
      "Name": "Integer",
      "Flags": "Const",
      "Priority": "Normal",
      "DictionaryKey": "Integer"
    },
    "Trivia": {
      "LeadingTrivia": [],
      "TrailingTrivia": []
    }
  },
  {
    "Position": 117,
    "Length": 1,
    "OriginalString": ")",
    "Value": ")",
    "Terminal": {
      "Priority": "Normal",
      "DictionaryKey": "Keyword[)]",
      "Name": ")",
      "Flags": "CloseBrace"
    },
    "Trivia": {
      "LeadingTrivia": [],
      "TrailingTrivia": []
    }
  },
  {
    "Position": 118,
    "Length": 1,
    "OriginalString": ";",
    "Value": ";",
    "Terminal": {
      "Priority": "Normal",
      "DictionaryKey": "Keyword[;]",
      "Name": ";",
      "Flags": "None"
    },
    "Trivia": {
      "LeadingTrivia": [],
      "TrailingTrivia": []
    }
  },
  {
    "Position": 119,
    "Length": 1,
    "OriginalString": "\n",
    "Value": "\r",
    "Terminal": {
      "Name": "Space",
      "Flags": "Space",
      "Priority": "High",
      "DictionaryKey": "Terminal[space]"
    },
    "Trivia": {
      "LeadingTrivia": [],
      "TrailingTrivia": []
    }
  },
  {
    "Position": 120,
    "Length": 1,
    "OriginalString": "\n",
    "Value": "\n",
    "Terminal": {
      "Name": "Space",
      "Flags": "Space",
      "Priority": "High",
      "DictionaryKey": "Terminal[space]"
    },
    "Trivia": {
      "LeadingTrivia": [],
      "TrailingTrivia": []
    }
  },
  {
    "Position": 121,
    "Length": 0,
    "OriginalString": "EOF",
    "Value": null,
    "Terminal": {
      "Name": "Eof",
      "Flags": "None",
      "Priority": "High",
      "DictionaryKey": "Eof"
    },
    "Trivia": {
      "LeadingTrivia": [],
      "TrailingTrivia": []
    }
  }
]
